  正在确定要还原的项目…
  已还原 C:\home\projects\c#\SOAPHound\SOAPHound.csproj (用时 294 毫秒)。
C:\home\projects\c#\SOAPHound\ADWS\Reference.cs(271,26): warning CS8981: 类型名称 "schema" 仅包含小写 ascii 字符。此类名称可能会成为该语言的保留值。 [C:\home\projects\c#\SOAPHound\SOAPHound.csproj]
C:\home\projects\c#\SOAPHound\ADWS\Reference.cs(2330,52): warning CS0108: “ResourceClient.CloseAsync()”隐藏继承的成员“ClientBase<Resource>.CloseAsync()”。如果是有意隐藏，请使用关键字 new。 [C:\home\projects\c#\SOAPHound\SOAPHound.csproj]
C:\home\projects\c#\SOAPHound\ADWS\Reference.cs(2455,52): warning CS0108: “ResourceFactoryClient.CloseAsync()”隐藏继承的成员“ClientBase<ResourceFactory>.CloseAsync()”。如果是有意隐藏，请使用关键字 new。 [C:\home\projects\c#\SOAPHound\SOAPHound.csproj]
C:\home\projects\c#\SOAPHound\ADWS\Reference.cs(3164,52): warning CS0108: “AccountManagementClient.CloseAsync()”隐藏继承的成员“ClientBase<AccountManagement>.CloseAsync()”。如果是有意隐藏，请使用关键字 new。 [C:\home\projects\c#\SOAPHound\SOAPHound.csproj]
C:\home\projects\c#\SOAPHound\ADWS\Reference.cs(3636,52): warning CS0108: “TopologyManagementClient.CloseAsync()”隐藏继承的成员“ClientBase<TopologyManagement>.CloseAsync()”。如果是有意隐藏，请使用关键字 new。 [C:\home\projects\c#\SOAPHound\SOAPHound.csproj]
C:\home\projects\c#\SOAPHound\ADWS\Reference.cs(2626,52): warning CS0108: “SearchClient.CloseAsync()”隐藏继承的成员“ClientBase<Search>.CloseAsync()”。如果是有意隐藏，请使用关键字 new。 [C:\home\projects\c#\SOAPHound\SOAPHound.csproj]
C:\home\projects\c#\SOAPHound\Processors\DomainProcessor.cs(50,123): error CS0103: 当前上下文中不存在名称“ControlFlags” [C:\home\projects\c#\SOAPHound\SOAPHound.csproj]
C:\home\projects\c#\SOAPHound\Processors\DomainProcessor.cs(50,217): error CS0103: 当前上下文中不存在名称“ControlFlags” [C:\home\projects\c#\SOAPHound\SOAPHound.csproj]
C:\home\projects\c#\SOAPHound\ADWS\ADWSConnector.cs(216,36): warning SYSLIB0057: “X509Certificate2.X509Certificate2(byte[])”已过时:“Loading certificate data through the constructor or Import is obsolete. Use X509CertificateLoader instead to load certificates.” (https://aka.ms/dotnet-warnings/SYSLIB0057) [C:\home\projects\c#\SOAPHound\SOAPHound.csproj]
C:\home\projects\c#\SOAPHound\Processors\ContainerProcessor.cs(36,172): warning CA1416: 可在所有平台上访问此调用站点。"CommonSecurityDescriptor.ControlFlags" 仅在 'windows' 上受支持。 (https://learn.microsoft.com/dotnet/fundamentals/code-analysis/quality-rules/ca1416) [C:\home\projects\c#\SOAPHound\SOAPHound.csproj]
C:\home\projects\c#\SOAPHound\Processors\ContainerProcessor.cs(36,217): warning CA1416: 可在所有平台上访问此调用站点。"ControlFlags.SystemAclProtected" 仅在 'windows' 上受支持。 (https://learn.microsoft.com/dotnet/fundamentals/code-analysis/quality-rules/ca1416) [C:\home\projects\c#\SOAPHound\SOAPHound.csproj]
C:\home\projects\c#\SOAPHound\Processors\ContainerProcessor.cs(36,78): warning CA1416: 可在所有平台上访问此调用站点。"CommonSecurityDescriptor.ControlFlags" 仅在 'windows' 上受支持。 (https://learn.microsoft.com/dotnet/fundamentals/code-analysis/quality-rules/ca1416) [C:\home\projects\c#\SOAPHound\SOAPHound.csproj]
C:\home\projects\c#\SOAPHound\Processors\ContainerProcessor.cs(36,123): warning CA1416: 可在所有平台上访问此调用站点。"ControlFlags.DiscretionaryAclProtected" 仅在 'windows' 上受支持。 (https://learn.microsoft.com/dotnet/fundamentals/code-analysis/quality-rules/ca1416) [C:\home\projects\c#\SOAPHound\SOAPHound.csproj]
C:\home\projects\c#\SOAPHound\Processors\DomainTrustProcessor.cs(20,41): warning CA1416: 可在所有平台上访问此调用站点。"SecurityIdentifier.ToString()" 仅在 'windows' 上受支持。 (https://learn.microsoft.com/dotnet/fundamentals/code-analysis/quality-rules/ca1416) [C:\home\projects\c#\SOAPHound\SOAPHound.csproj]
C:\home\projects\c#\SOAPHound\Processors\GPOProcessor.cs(37,217): warning CA1416: 可在所有平台上访问此调用站点。"ControlFlags.SystemAclProtected" 仅在 'windows' 上受支持。 (https://learn.microsoft.com/dotnet/fundamentals/code-analysis/quality-rules/ca1416) [C:\home\projects\c#\SOAPHound\SOAPHound.csproj]
C:\home\projects\c#\SOAPHound\Processors\GPOProcessor.cs(37,172): warning CA1416: 可在所有平台上访问此调用站点。"CommonSecurityDescriptor.ControlFlags" 仅在 'windows' 上受支持。 (https://learn.microsoft.com/dotnet/fundamentals/code-analysis/quality-rules/ca1416) [C:\home\projects\c#\SOAPHound\SOAPHound.csproj]
C:\home\projects\c#\SOAPHound\Processors\GPOProcessor.cs(37,123): warning CA1416: 可在所有平台上访问此调用站点。"ControlFlags.DiscretionaryAclProtected" 仅在 'windows' 上受支持。 (https://learn.microsoft.com/dotnet/fundamentals/code-analysis/quality-rules/ca1416) [C:\home\projects\c#\SOAPHound\SOAPHound.csproj]
C:\home\projects\c#\SOAPHound\Processors\GPOProcessor.cs(37,78): warning CA1416: 可在所有平台上访问此调用站点。"CommonSecurityDescriptor.ControlFlags" 仅在 'windows' 上受支持。 (https://learn.microsoft.com/dotnet/fundamentals/code-analysis/quality-rules/ca1416) [C:\home\projects\c#\SOAPHound\SOAPHound.csproj]
C:\home\projects\c#\SOAPHound\Processors\UserProcessor.cs(102,123): warning CA1416: 可在所有平台上访问此调用站点。"ControlFlags.DiscretionaryAclProtected" 仅在 'windows' 上受支持。 (https://learn.microsoft.com/dotnet/fundamentals/code-analysis/quality-rules/ca1416) [C:\home\projects\c#\SOAPHound\SOAPHound.csproj]
C:\home\projects\c#\SOAPHound\Processors\UserProcessor.cs(102,78): warning CA1416: 可在所有平台上访问此调用站点。"CommonSecurityDescriptor.ControlFlags" 仅在 'windows' 上受支持。 (https://learn.microsoft.com/dotnet/fundamentals/code-analysis/quality-rules/ca1416) [C:\home\projects\c#\SOAPHound\SOAPHound.csproj]
C:\home\projects\c#\SOAPHound\Processors\UserProcessor.cs(61,59): warning CA1416: 可在所有平台上访问此调用站点。"SecurityIdentifier.ToString()" 仅在 'windows' 上受支持。 (https://learn.microsoft.com/dotnet/fundamentals/code-analysis/quality-rules/ca1416) [C:\home\projects\c#\SOAPHound\SOAPHound.csproj]
C:\home\projects\c#\SOAPHound\Processors\UserProcessor.cs(102,217): warning CA1416: 可在所有平台上访问此调用站点。"ControlFlags.SystemAclProtected" 仅在 'windows' 上受支持。 (https://learn.microsoft.com/dotnet/fundamentals/code-analysis/quality-rules/ca1416) [C:\home\projects\c#\SOAPHound\SOAPHound.csproj]
C:\home\projects\c#\SOAPHound\Processors\UserProcessor.cs(102,172): warning CA1416: 可在所有平台上访问此调用站点。"CommonSecurityDescriptor.ControlFlags" 仅在 'windows' 上受支持。 (https://learn.microsoft.com/dotnet/fundamentals/code-analysis/quality-rules/ca1416) [C:\home\projects\c#\SOAPHound\SOAPHound.csproj]
C:\home\projects\c#\SOAPHound\Processors\UserProcessor.cs(22,75): warning CA1416: 可在所有平台上访问此调用站点。"SecurityIdentifier.ToString()" 仅在 'windows' 上受支持。 (https://learn.microsoft.com/dotnet/fundamentals/code-analysis/quality-rules/ca1416) [C:\home\projects\c#\SOAPHound\SOAPHound.csproj]
C:\home\projects\c#\SOAPHound\Processors\UserProcessor.cs(22,32): warning CA1416: 可在所有平台上访问此调用站点。"SecurityIdentifier.ToString()" 仅在 'windows' 上受支持。 (https://learn.microsoft.com/dotnet/fundamentals/code-analysis/quality-rules/ca1416) [C:\home\projects\c#\SOAPHound\SOAPHound.csproj]
C:\home\projects\c#\SOAPHound\Processors\UserProcessor.cs(28,65): warning CA1416: 可在所有平台上访问此调用站点。"SecurityIdentifier.ToString()" 仅在 'windows' 上受支持。 (https://learn.microsoft.com/dotnet/fundamentals/code-analysis/quality-rules/ca1416) [C:\home\projects\c#\SOAPHound\SOAPHound.csproj]
C:\home\projects\c#\SOAPHound\Processors\GroupProcessor.cs(23,59): warning CA1416: 可在所有平台上访问此调用站点。"SecurityIdentifier.ToString()" 仅在 'windows' 上受支持。 (https://learn.microsoft.com/dotnet/fundamentals/code-analysis/quality-rules/ca1416) [C:\home\projects\c#\SOAPHound\SOAPHound.csproj]
C:\home\projects\c#\SOAPHound\Processors\GroupProcessor.cs(44,217): warning CA1416: 可在所有平台上访问此调用站点。"ControlFlags.SystemAclProtected" 仅在 'windows' 上受支持。 (https://learn.microsoft.com/dotnet/fundamentals/code-analysis/quality-rules/ca1416) [C:\home\projects\c#\SOAPHound\SOAPHound.csproj]
C:\home\projects\c#\SOAPHound\Processors\GroupProcessor.cs(44,172): warning CA1416: 可在所有平台上访问此调用站点。"CommonSecurityDescriptor.ControlFlags" 仅在 'windows' 上受支持。 (https://learn.microsoft.com/dotnet/fundamentals/code-analysis/quality-rules/ca1416) [C:\home\projects\c#\SOAPHound\SOAPHound.csproj]
C:\home\projects\c#\SOAPHound\Processors\GroupProcessor.cs(44,123): warning CA1416: 可在所有平台上访问此调用站点。"ControlFlags.DiscretionaryAclProtected" 仅在 'windows' 上受支持。 (https://learn.microsoft.com/dotnet/fundamentals/code-analysis/quality-rules/ca1416) [C:\home\projects\c#\SOAPHound\SOAPHound.csproj]
C:\home\projects\c#\SOAPHound\Processors\GroupProcessor.cs(44,78): warning CA1416: 可在所有平台上访问此调用站点。"CommonSecurityDescriptor.ControlFlags" 仅在 'windows' 上受支持。 (https://learn.microsoft.com/dotnet/fundamentals/code-analysis/quality-rules/ca1416) [C:\home\projects\c#\SOAPHound\SOAPHound.csproj]
C:\home\projects\c#\SOAPHound\Processors\UserProcessor.cs(66,36): warning CA1416: 可在所有平台上访问此调用站点。"SecurityIdentifier.ToString()" 仅在 'windows' 上受支持。 (https://learn.microsoft.com/dotnet/fundamentals/code-analysis/quality-rules/ca1416) [C:\home\projects\c#\SOAPHound\SOAPHound.csproj]
C:\home\projects\c#\SOAPHound\Processors\GroupProcessor.cs(28,36): warning CA1416: 可在所有平台上访问此调用站点。"SecurityIdentifier.ToString()" 仅在 'windows' 上受支持。 (https://learn.microsoft.com/dotnet/fundamentals/code-analysis/quality-rules/ca1416) [C:\home\projects\c#\SOAPHound\SOAPHound.csproj]
C:\home\projects\c#\SOAPHound\Processors\GroupProcessor.cs(21,75): warning CA1416: 可在所有平台上访问此调用站点。"SecurityIdentifier.ToString()" 仅在 'windows' 上受支持。 (https://learn.microsoft.com/dotnet/fundamentals/code-analysis/quality-rules/ca1416) [C:\home\projects\c#\SOAPHound\SOAPHound.csproj]
C:\home\projects\c#\SOAPHound\Processors\GroupProcessor.cs(21,32): warning CA1416: 可在所有平台上访问此调用站点。"SecurityIdentifier.ToString()" 仅在 'windows' 上受支持。 (https://learn.microsoft.com/dotnet/fundamentals/code-analysis/quality-rules/ca1416) [C:\home\projects\c#\SOAPHound\SOAPHound.csproj]
C:\home\projects\c#\SOAPHound\Processors\GroupProcessor.cs(39,50): warning CA1416: 可在所有平台上访问此调用站点。"SecurityIdentifier.ToString()" 仅在 'windows' 上受支持。 (https://learn.microsoft.com/dotnet/fundamentals/code-analysis/quality-rules/ca1416) [C:\home\projects\c#\SOAPHound\SOAPHound.csproj]
C:\home\projects\c#\SOAPHound\Processors\UserProcessor.cs(28,33): warning CA1416: 可在所有平台上访问此调用站点。"SecurityIdentifier" 仅在 'windows' 上受支持。 (https://learn.microsoft.com/dotnet/fundamentals/code-analysis/quality-rules/ca1416) [C:\home\projects\c#\SOAPHound\SOAPHound.csproj]
C:\home\projects\c#\SOAPHound\Processors\ComputerProcessor.cs(28,33): warning CA1416: 可在所有平台上访问此调用站点。"SecurityIdentifier" 仅在 'windows' 上受支持。 (https://learn.microsoft.com/dotnet/fundamentals/code-analysis/quality-rules/ca1416) [C:\home\projects\c#\SOAPHound\SOAPHound.csproj]
C:\home\projects\c#\SOAPHound\Processors\ComputerProcessor.cs(72,48): warning CA1416: 可在所有平台上访问此调用站点。"KnownAce.SecurityIdentifier" 仅在 'windows' 上受支持。 (https://learn.microsoft.com/dotnet/fundamentals/code-analysis/quality-rules/ca1416) [C:\home\projects\c#\SOAPHound\SOAPHound.csproj]
C:\home\projects\c#\SOAPHound\Processors\ComputerProcessor.cs(28,65): warning CA1416: 可在所有平台上访问此调用站点。"SecurityIdentifier.ToString()" 仅在 'windows' 上受支持。 (https://learn.microsoft.com/dotnet/fundamentals/code-analysis/quality-rules/ca1416) [C:\home\projects\c#\SOAPHound\SOAPHound.csproj]
C:\home\projects\c#\SOAPHound\Processors\ComputerProcessor.cs(97,36): warning CA1416: 可在所有平台上访问此调用站点。"SecurityIdentifier.ToString()" 仅在 'windows' 上受支持。 (https://learn.microsoft.com/dotnet/fundamentals/code-analysis/quality-rules/ca1416) [C:\home\projects\c#\SOAPHound\SOAPHound.csproj]
C:\home\projects\c#\SOAPHound\Processors\ComputerProcessor.cs(129,217): warning CA1416: 可在所有平台上访问此调用站点。"ControlFlags.SystemAclProtected" 仅在 'windows' 上受支持。 (https://learn.microsoft.com/dotnet/fundamentals/code-analysis/quality-rules/ca1416) [C:\home\projects\c#\SOAPHound\SOAPHound.csproj]
C:\home\projects\c#\SOAPHound\Processors\ComputerProcessor.cs(72,48): warning CA1416: 可在所有平台上访问此调用站点。"SecurityIdentifier.ToString()" 仅在 'windows' 上受支持。 (https://learn.microsoft.com/dotnet/fundamentals/code-analysis/quality-rules/ca1416) [C:\home\projects\c#\SOAPHound\SOAPHound.csproj]
C:\home\projects\c#\SOAPHound\Processors\ComputerProcessor.cs(78,59): warning CA1416: 可在所有平台上访问此调用站点。"SecurityIdentifier.ToString()" 仅在 'windows' 上受支持。 (https://learn.microsoft.com/dotnet/fundamentals/code-analysis/quality-rules/ca1416) [C:\home\projects\c#\SOAPHound\SOAPHound.csproj]
C:\home\projects\c#\SOAPHound\Processors\ComputerProcessor.cs(129,172): warning CA1416: 可在所有平台上访问此调用站点。"CommonSecurityDescriptor.ControlFlags" 仅在 'windows' 上受支持。 (https://learn.microsoft.com/dotnet/fundamentals/code-analysis/quality-rules/ca1416) [C:\home\projects\c#\SOAPHound\SOAPHound.csproj]
C:\home\projects\c#\SOAPHound\Processors\ComputerProcessor.cs(22,75): warning CA1416: 可在所有平台上访问此调用站点。"SecurityIdentifier.ToString()" 仅在 'windows' 上受支持。 (https://learn.microsoft.com/dotnet/fundamentals/code-analysis/quality-rules/ca1416) [C:\home\projects\c#\SOAPHound\SOAPHound.csproj]
C:\home\projects\c#\SOAPHound\Processors\ComputerProcessor.cs(129,123): warning CA1416: 可在所有平台上访问此调用站点。"ControlFlags.DiscretionaryAclProtected" 仅在 'windows' 上受支持。 (https://learn.microsoft.com/dotnet/fundamentals/code-analysis/quality-rules/ca1416) [C:\home\projects\c#\SOAPHound\SOAPHound.csproj]
C:\home\projects\c#\SOAPHound\Processors\ComputerProcessor.cs(67,51): warning CA1416: 可在所有平台上访问此调用站点。"CommonSecurityDescriptor.DiscretionaryAcl" 仅在 'windows' 上受支持。 (https://learn.microsoft.com/dotnet/fundamentals/code-analysis/quality-rules/ca1416) [C:\home\projects\c#\SOAPHound\SOAPHound.csproj]
C:\home\projects\c#\SOAPHound\Processors\ComputerProcessor.cs(65,31): warning CA1416: 可在所有平台上访问此调用站点。"CommonSecurityDescriptor.DiscretionaryAcl" 仅在 'windows' 上受支持。 (https://learn.microsoft.com/dotnet/fundamentals/code-analysis/quality-rules/ca1416) [C:\home\projects\c#\SOAPHound\SOAPHound.csproj]
C:\home\projects\c#\SOAPHound\Processors\ComputerProcessor.cs(22,32): warning CA1416: 可在所有平台上访问此调用站点。"SecurityIdentifier.ToString()" 仅在 'windows' 上受支持。 (https://learn.microsoft.com/dotnet/fundamentals/code-analysis/quality-rules/ca1416) [C:\home\projects\c#\SOAPHound\SOAPHound.csproj]
C:\home\projects\c#\SOAPHound\Processors\ComputerProcessor.cs(129,78): warning CA1416: 可在所有平台上访问此调用站点。"CommonSecurityDescriptor.ControlFlags" 仅在 'windows' 上受支持。 (https://learn.microsoft.com/dotnet/fundamentals/code-analysis/quality-rules/ca1416) [C:\home\projects\c#\SOAPHound\SOAPHound.csproj]
C:\home\projects\c#\SOAPHound\Processors\OUProcessor.cs(41,217): warning CA1416: 可在所有平台上访问此调用站点。"ControlFlags.SystemAclProtected" 仅在 'windows' 上受支持。 (https://learn.microsoft.com/dotnet/fundamentals/code-analysis/quality-rules/ca1416) [C:\home\projects\c#\SOAPHound\SOAPHound.csproj]
C:\home\projects\c#\SOAPHound\Processors\OUProcessor.cs(41,78): warning CA1416: 可在所有平台上访问此调用站点。"CommonSecurityDescriptor.ControlFlags" 仅在 'windows' 上受支持。 (https://learn.microsoft.com/dotnet/fundamentals/code-analysis/quality-rules/ca1416) [C:\home\projects\c#\SOAPHound\SOAPHound.csproj]
C:\home\projects\c#\SOAPHound\Processors\OUProcessor.cs(41,172): warning CA1416: 可在所有平台上访问此调用站点。"CommonSecurityDescriptor.ControlFlags" 仅在 'windows' 上受支持。 (https://learn.microsoft.com/dotnet/fundamentals/code-analysis/quality-rules/ca1416) [C:\home\projects\c#\SOAPHound\SOAPHound.csproj]
C:\home\projects\c#\SOAPHound\Processors\OUProcessor.cs(41,123): warning CA1416: 可在所有平台上访问此调用站点。"ControlFlags.DiscretionaryAclProtected" 仅在 'windows' 上受支持。 (https://learn.microsoft.com/dotnet/fundamentals/code-analysis/quality-rules/ca1416) [C:\home\projects\c#\SOAPHound\SOAPHound.csproj]
C:\home\projects\c#\SOAPHound\ADWS\ADWSConnector.cs(201,20): warning CA1416: 可在所有平台上访问此调用站点。"CommonSecurityDescriptor" 仅在 'windows' 上受支持。 (https://learn.microsoft.com/dotnet/fundamentals/code-analysis/quality-rules/ca1416) [C:\home\projects\c#\SOAPHound\SOAPHound.csproj]
C:\home\projects\c#\SOAPHound\ADWS\ADWSConnector.cs(245,20): warning CA1416: 可在所有平台上访问此调用站点。"SecurityIdentifier" 仅在 'windows' 上受支持。 (https://learn.microsoft.com/dotnet/fundamentals/code-analysis/quality-rules/ca1416) [C:\home\projects\c#\SOAPHound\SOAPHound.csproj]
C:\home\projects\c#\SOAPHound\ADWS\ADWSConnector.cs(238,21): warning CA1416: 可在所有平台上访问此调用站点。"SecurityIdentifier" 仅在 'windows' 上受支持。 (https://learn.microsoft.com/dotnet/fundamentals/code-analysis/quality-rules/ca1416) [C:\home\projects\c#\SOAPHound\SOAPHound.csproj]
C:\home\projects\c#\SOAPHound\ADWS\ADWSConnector.cs(231,24): warning CA1416: 可在所有平台上访问此调用站点。"SecurityIdentifier" 仅在 'windows' 上受支持。 (https://learn.microsoft.com/dotnet/fundamentals/code-analysis/quality-rules/ca1416) [C:\home\projects\c#\SOAPHound\SOAPHound.csproj]
C:\home\projects\c#\SOAPHound\ADWS\ADWSConnector.cs(238,36): warning CA1416: 可在所有平台上访问此调用站点。"SecurityIdentifier" 仅在 'windows' 上受支持。 (https://learn.microsoft.com/dotnet/fundamentals/code-analysis/quality-rules/ca1416) [C:\home\projects\c#\SOAPHound\SOAPHound.csproj]
C:\home\projects\c#\SOAPHound\ADWS\ADWSConnector.cs(228,51): warning CA1416: 可在所有平台上访问此调用站点。"SecurityIdentifier" 仅在 'windows' 上受支持。 (https://learn.microsoft.com/dotnet/fundamentals/code-analysis/quality-rules/ca1416) [C:\home\projects\c#\SOAPHound\SOAPHound.csproj]
C:\home\projects\c#\SOAPHound\Program.cs(417,44): warning CA1416: 可在所有平台上访问此调用站点。"SecurityIdentifier.ToString()" 仅在 'windows' 上受支持。 (https://learn.microsoft.com/dotnet/fundamentals/code-analysis/quality-rules/ca1416) [C:\home\projects\c#\SOAPHound\SOAPHound.csproj]
C:\home\projects\c#\SOAPHound\Processors\ACLProcessor.cs(27,68): warning CA1416: 可在所有平台上访问此调用站点。"SecurityIdentifier.ToString()" 仅在 'windows' 上受支持。 (https://learn.microsoft.com/dotnet/fundamentals/code-analysis/quality-rules/ca1416) [C:\home\projects\c#\SOAPHound\SOAPHound.csproj]
C:\home\projects\c#\SOAPHound\Processors\ACLProcessor.cs(50,49): warning CA1416: 可在所有平台上访问此调用站点。"ObjectAce.ObjectAceType" 仅在 'windows' 上受支持。 (https://learn.microsoft.com/dotnet/fundamentals/code-analysis/quality-rules/ca1416) [C:\home\projects\c#\SOAPHound\SOAPHound.csproj]
C:\home\projects\c#\SOAPHound\Processors\ACLProcessor.cs(38,21): warning CA1416: 可在所有平台上访问此调用站点。"CommonSecurityDescriptor.DiscretionaryAcl" 仅在 'windows' 上受支持。 (https://learn.microsoft.com/dotnet/fundamentals/code-analysis/quality-rules/ca1416) [C:\home\projects\c#\SOAPHound\SOAPHound.csproj]
C:\home\projects\c#\SOAPHound\Processors\ACLProcessor.cs(54,80): warning CA1416: 可在所有平台上访问此调用站点。"KnownAce.SecurityIdentifier" 仅在 'windows' 上受支持。 (https://learn.microsoft.com/dotnet/fundamentals/code-analysis/quality-rules/ca1416) [C:\home\projects\c#\SOAPHound\SOAPHound.csproj]
C:\home\projects\c#\SOAPHound\Processors\ACLProcessor.cs(54,80): warning CA1416: 可在所有平台上访问此调用站点。"SecurityIdentifier.ToString()" 仅在 'windows' 上受支持。 (https://learn.microsoft.com/dotnet/fundamentals/code-analysis/quality-rules/ca1416) [C:\home\projects\c#\SOAPHound\SOAPHound.csproj]
C:\home\projects\c#\SOAPHound\Processors\ACLProcessor.cs(44,29): warning CA1416: 可在所有平台上访问此调用站点。"SecurityIdentifier.ToString()" 仅在 'windows' 上受支持。 (https://learn.microsoft.com/dotnet/fundamentals/code-analysis/quality-rules/ca1416) [C:\home\projects\c#\SOAPHound\SOAPHound.csproj]
C:\home\projects\c#\SOAPHound\Processors\ACLProcessor.cs(40,55): warning CA1416: 可在所有平台上访问此调用站点。"CommonSecurityDescriptor.DiscretionaryAcl" 仅在 'windows' 上受支持。 (https://learn.microsoft.com/dotnet/fundamentals/code-analysis/quality-rules/ca1416) [C:\home\projects\c#\SOAPHound\SOAPHound.csproj]
C:\home\projects\c#\SOAPHound\Processors\ACLProcessor.cs(58,72): warning CA1416: 可在所有平台上访问此调用站点。"KnownAce.AccessMask" 仅在 'windows' 上受支持。 (https://learn.microsoft.com/dotnet/fundamentals/code-analysis/quality-rules/ca1416) [C:\home\projects\c#\SOAPHound\SOAPHound.csproj]
C:\home\projects\c#\SOAPHound\Processors\ACLProcessor.cs(24,32): warning CA1416: 可在所有平台上访问此调用站点。"CommonSecurityDescriptor.Owner" 仅在 'windows' 上受支持。 (https://learn.microsoft.com/dotnet/fundamentals/code-analysis/quality-rules/ca1416) [C:\home\projects\c#\SOAPHound\SOAPHound.csproj]
C:\home\projects\c#\SOAPHound\Processors\ACLProcessor.cs(53,45): warning CA1416: 可在所有平台上访问此调用站点。"GenericAce.IsInherited" 仅在 'windows' 上受支持。 (https://learn.microsoft.com/dotnet/fundamentals/code-analysis/quality-rules/ca1416) [C:\home\projects\c#\SOAPHound\SOAPHound.csproj]
C:\home\projects\c#\SOAPHound\Processors\ACLProcessor.cs(46,68): warning CA1416: 可在所有平台上访问此调用站点。"KnownAce.AccessMask" 仅在 'windows' 上受支持。 (https://learn.microsoft.com/dotnet/fundamentals/code-analysis/quality-rules/ca1416) [C:\home\projects\c#\SOAPHound\SOAPHound.csproj]
C:\home\projects\c#\SOAPHound\Processors\ACLProcessor.cs(44,29): warning CA1416: 可在所有平台上访问此调用站点。"KnownAce.SecurityIdentifier" 仅在 'windows' 上受支持。 (https://learn.microsoft.com/dotnet/fundamentals/code-analysis/quality-rules/ca1416) [C:\home\projects\c#\SOAPHound\SOAPHound.csproj]
C:\home\projects\c#\SOAPHound\ADWS\ADWSConnector.cs(362,50): warning CA1416: 可在所有平台上访问此调用站点。"SecurityIdentifier" 仅在 'windows' 上受支持。 (https://learn.microsoft.com/dotnet/fundamentals/code-analysis/quality-rules/ca1416) [C:\home\projects\c#\SOAPHound\SOAPHound.csproj]
C:\home\projects\c#\SOAPHound\ADWS\ADWSConnector.cs(383,59): warning CA1416: 可在所有平台上访问此调用站点。"SecurityIdentifier" 仅在 'windows' 上受支持。 (https://learn.microsoft.com/dotnet/fundamentals/code-analysis/quality-rules/ca1416) [C:\home\projects\c#\SOAPHound\SOAPHound.csproj]

生成失败。

C:\home\projects\c#\SOAPHound\ADWS\Reference.cs(271,26): warning CS8981: 类型名称 "schema" 仅包含小写 ascii 字符。此类名称可能会成为该语言的保留值。 [C:\home\projects\c#\SOAPHound\SOAPHound.csproj]
C:\home\projects\c#\SOAPHound\ADWS\Reference.cs(2330,52): warning CS0108: “ResourceClient.CloseAsync()”隐藏继承的成员“ClientBase<Resource>.CloseAsync()”。如果是有意隐藏，请使用关键字 new。 [C:\home\projects\c#\SOAPHound\SOAPHound.csproj]
C:\home\projects\c#\SOAPHound\ADWS\Reference.cs(2455,52): warning CS0108: “ResourceFactoryClient.CloseAsync()”隐藏继承的成员“ClientBase<ResourceFactory>.CloseAsync()”。如果是有意隐藏，请使用关键字 new。 [C:\home\projects\c#\SOAPHound\SOAPHound.csproj]
C:\home\projects\c#\SOAPHound\ADWS\Reference.cs(3164,52): warning CS0108: “AccountManagementClient.CloseAsync()”隐藏继承的成员“ClientBase<AccountManagement>.CloseAsync()”。如果是有意隐藏，请使用关键字 new。 [C:\home\projects\c#\SOAPHound\SOAPHound.csproj]
C:\home\projects\c#\SOAPHound\ADWS\Reference.cs(3636,52): warning CS0108: “TopologyManagementClient.CloseAsync()”隐藏继承的成员“ClientBase<TopologyManagement>.CloseAsync()”。如果是有意隐藏，请使用关键字 new。 [C:\home\projects\c#\SOAPHound\SOAPHound.csproj]
C:\home\projects\c#\SOAPHound\ADWS\Reference.cs(2626,52): warning CS0108: “SearchClient.CloseAsync()”隐藏继承的成员“ClientBase<Search>.CloseAsync()”。如果是有意隐藏，请使用关键字 new。 [C:\home\projects\c#\SOAPHound\SOAPHound.csproj]
C:\home\projects\c#\SOAPHound\ADWS\ADWSConnector.cs(216,36): warning SYSLIB0057: “X509Certificate2.X509Certificate2(byte[])”已过时:“Loading certificate data through the constructor or Import is obsolete. Use X509CertificateLoader instead to load certificates.” (https://aka.ms/dotnet-warnings/SYSLIB0057) [C:\home\projects\c#\SOAPHound\SOAPHound.csproj]
C:\home\projects\c#\SOAPHound\Processors\ContainerProcessor.cs(36,172): warning CA1416: 可在所有平台上访问此调用站点。"CommonSecurityDescriptor.ControlFlags" 仅在 'windows' 上受支持。 (https://learn.microsoft.com/dotnet/fundamentals/code-analysis/quality-rules/ca1416) [C:\home\projects\c#\SOAPHound\SOAPHound.csproj]
C:\home\projects\c#\SOAPHound\Processors\ContainerProcessor.cs(36,217): warning CA1416: 可在所有平台上访问此调用站点。"ControlFlags.SystemAclProtected" 仅在 'windows' 上受支持。 (https://learn.microsoft.com/dotnet/fundamentals/code-analysis/quality-rules/ca1416) [C:\home\projects\c#\SOAPHound\SOAPHound.csproj]
C:\home\projects\c#\SOAPHound\Processors\ContainerProcessor.cs(36,78): warning CA1416: 可在所有平台上访问此调用站点。"CommonSecurityDescriptor.ControlFlags" 仅在 'windows' 上受支持。 (https://learn.microsoft.com/dotnet/fundamentals/code-analysis/quality-rules/ca1416) [C:\home\projects\c#\SOAPHound\SOAPHound.csproj]
C:\home\projects\c#\SOAPHound\Processors\ContainerProcessor.cs(36,123): warning CA1416: 可在所有平台上访问此调用站点。"ControlFlags.DiscretionaryAclProtected" 仅在 'windows' 上受支持。 (https://learn.microsoft.com/dotnet/fundamentals/code-analysis/quality-rules/ca1416) [C:\home\projects\c#\SOAPHound\SOAPHound.csproj]
C:\home\projects\c#\SOAPHound\Processors\DomainTrustProcessor.cs(20,41): warning CA1416: 可在所有平台上访问此调用站点。"SecurityIdentifier.ToString()" 仅在 'windows' 上受支持。 (https://learn.microsoft.com/dotnet/fundamentals/code-analysis/quality-rules/ca1416) [C:\home\projects\c#\SOAPHound\SOAPHound.csproj]
C:\home\projects\c#\SOAPHound\Processors\GPOProcessor.cs(37,217): warning CA1416: 可在所有平台上访问此调用站点。"ControlFlags.SystemAclProtected" 仅在 'windows' 上受支持。 (https://learn.microsoft.com/dotnet/fundamentals/code-analysis/quality-rules/ca1416) [C:\home\projects\c#\SOAPHound\SOAPHound.csproj]
C:\home\projects\c#\SOAPHound\Processors\GPOProcessor.cs(37,172): warning CA1416: 可在所有平台上访问此调用站点。"CommonSecurityDescriptor.ControlFlags" 仅在 'windows' 上受支持。 (https://learn.microsoft.com/dotnet/fundamentals/code-analysis/quality-rules/ca1416) [C:\home\projects\c#\SOAPHound\SOAPHound.csproj]
C:\home\projects\c#\SOAPHound\Processors\GPOProcessor.cs(37,123): warning CA1416: 可在所有平台上访问此调用站点。"ControlFlags.DiscretionaryAclProtected" 仅在 'windows' 上受支持。 (https://learn.microsoft.com/dotnet/fundamentals/code-analysis/quality-rules/ca1416) [C:\home\projects\c#\SOAPHound\SOAPHound.csproj]
C:\home\projects\c#\SOAPHound\Processors\GPOProcessor.cs(37,78): warning CA1416: 可在所有平台上访问此调用站点。"CommonSecurityDescriptor.ControlFlags" 仅在 'windows' 上受支持。 (https://learn.microsoft.com/dotnet/fundamentals/code-analysis/quality-rules/ca1416) [C:\home\projects\c#\SOAPHound\SOAPHound.csproj]
C:\home\projects\c#\SOAPHound\Processors\UserProcessor.cs(102,123): warning CA1416: 可在所有平台上访问此调用站点。"ControlFlags.DiscretionaryAclProtected" 仅在 'windows' 上受支持。 (https://learn.microsoft.com/dotnet/fundamentals/code-analysis/quality-rules/ca1416) [C:\home\projects\c#\SOAPHound\SOAPHound.csproj]
C:\home\projects\c#\SOAPHound\Processors\UserProcessor.cs(102,78): warning CA1416: 可在所有平台上访问此调用站点。"CommonSecurityDescriptor.ControlFlags" 仅在 'windows' 上受支持。 (https://learn.microsoft.com/dotnet/fundamentals/code-analysis/quality-rules/ca1416) [C:\home\projects\c#\SOAPHound\SOAPHound.csproj]
C:\home\projects\c#\SOAPHound\Processors\UserProcessor.cs(61,59): warning CA1416: 可在所有平台上访问此调用站点。"SecurityIdentifier.ToString()" 仅在 'windows' 上受支持。 (https://learn.microsoft.com/dotnet/fundamentals/code-analysis/quality-rules/ca1416) [C:\home\projects\c#\SOAPHound\SOAPHound.csproj]
C:\home\projects\c#\SOAPHound\Processors\UserProcessor.cs(102,217): warning CA1416: 可在所有平台上访问此调用站点。"ControlFlags.SystemAclProtected" 仅在 'windows' 上受支持。 (https://learn.microsoft.com/dotnet/fundamentals/code-analysis/quality-rules/ca1416) [C:\home\projects\c#\SOAPHound\SOAPHound.csproj]
C:\home\projects\c#\SOAPHound\Processors\UserProcessor.cs(102,172): warning CA1416: 可在所有平台上访问此调用站点。"CommonSecurityDescriptor.ControlFlags" 仅在 'windows' 上受支持。 (https://learn.microsoft.com/dotnet/fundamentals/code-analysis/quality-rules/ca1416) [C:\home\projects\c#\SOAPHound\SOAPHound.csproj]
C:\home\projects\c#\SOAPHound\Processors\UserProcessor.cs(22,75): warning CA1416: 可在所有平台上访问此调用站点。"SecurityIdentifier.ToString()" 仅在 'windows' 上受支持。 (https://learn.microsoft.com/dotnet/fundamentals/code-analysis/quality-rules/ca1416) [C:\home\projects\c#\SOAPHound\SOAPHound.csproj]
C:\home\projects\c#\SOAPHound\Processors\UserProcessor.cs(22,32): warning CA1416: 可在所有平台上访问此调用站点。"SecurityIdentifier.ToString()" 仅在 'windows' 上受支持。 (https://learn.microsoft.com/dotnet/fundamentals/code-analysis/quality-rules/ca1416) [C:\home\projects\c#\SOAPHound\SOAPHound.csproj]
C:\home\projects\c#\SOAPHound\Processors\UserProcessor.cs(28,65): warning CA1416: 可在所有平台上访问此调用站点。"SecurityIdentifier.ToString()" 仅在 'windows' 上受支持。 (https://learn.microsoft.com/dotnet/fundamentals/code-analysis/quality-rules/ca1416) [C:\home\projects\c#\SOAPHound\SOAPHound.csproj]
C:\home\projects\c#\SOAPHound\Processors\GroupProcessor.cs(23,59): warning CA1416: 可在所有平台上访问此调用站点。"SecurityIdentifier.ToString()" 仅在 'windows' 上受支持。 (https://learn.microsoft.com/dotnet/fundamentals/code-analysis/quality-rules/ca1416) [C:\home\projects\c#\SOAPHound\SOAPHound.csproj]
C:\home\projects\c#\SOAPHound\Processors\GroupProcessor.cs(44,217): warning CA1416: 可在所有平台上访问此调用站点。"ControlFlags.SystemAclProtected" 仅在 'windows' 上受支持。 (https://learn.microsoft.com/dotnet/fundamentals/code-analysis/quality-rules/ca1416) [C:\home\projects\c#\SOAPHound\SOAPHound.csproj]
C:\home\projects\c#\SOAPHound\Processors\GroupProcessor.cs(44,172): warning CA1416: 可在所有平台上访问此调用站点。"CommonSecurityDescriptor.ControlFlags" 仅在 'windows' 上受支持。 (https://learn.microsoft.com/dotnet/fundamentals/code-analysis/quality-rules/ca1416) [C:\home\projects\c#\SOAPHound\SOAPHound.csproj]
C:\home\projects\c#\SOAPHound\Processors\GroupProcessor.cs(44,123): warning CA1416: 可在所有平台上访问此调用站点。"ControlFlags.DiscretionaryAclProtected" 仅在 'windows' 上受支持。 (https://learn.microsoft.com/dotnet/fundamentals/code-analysis/quality-rules/ca1416) [C:\home\projects\c#\SOAPHound\SOAPHound.csproj]
C:\home\projects\c#\SOAPHound\Processors\GroupProcessor.cs(44,78): warning CA1416: 可在所有平台上访问此调用站点。"CommonSecurityDescriptor.ControlFlags" 仅在 'windows' 上受支持。 (https://learn.microsoft.com/dotnet/fundamentals/code-analysis/quality-rules/ca1416) [C:\home\projects\c#\SOAPHound\SOAPHound.csproj]
C:\home\projects\c#\SOAPHound\Processors\UserProcessor.cs(66,36): warning CA1416: 可在所有平台上访问此调用站点。"SecurityIdentifier.ToString()" 仅在 'windows' 上受支持。 (https://learn.microsoft.com/dotnet/fundamentals/code-analysis/quality-rules/ca1416) [C:\home\projects\c#\SOAPHound\SOAPHound.csproj]
C:\home\projects\c#\SOAPHound\Processors\GroupProcessor.cs(28,36): warning CA1416: 可在所有平台上访问此调用站点。"SecurityIdentifier.ToString()" 仅在 'windows' 上受支持。 (https://learn.microsoft.com/dotnet/fundamentals/code-analysis/quality-rules/ca1416) [C:\home\projects\c#\SOAPHound\SOAPHound.csproj]
C:\home\projects\c#\SOAPHound\Processors\GroupProcessor.cs(21,75): warning CA1416: 可在所有平台上访问此调用站点。"SecurityIdentifier.ToString()" 仅在 'windows' 上受支持。 (https://learn.microsoft.com/dotnet/fundamentals/code-analysis/quality-rules/ca1416) [C:\home\projects\c#\SOAPHound\SOAPHound.csproj]
C:\home\projects\c#\SOAPHound\Processors\GroupProcessor.cs(21,32): warning CA1416: 可在所有平台上访问此调用站点。"SecurityIdentifier.ToString()" 仅在 'windows' 上受支持。 (https://learn.microsoft.com/dotnet/fundamentals/code-analysis/quality-rules/ca1416) [C:\home\projects\c#\SOAPHound\SOAPHound.csproj]
C:\home\projects\c#\SOAPHound\Processors\GroupProcessor.cs(39,50): warning CA1416: 可在所有平台上访问此调用站点。"SecurityIdentifier.ToString()" 仅在 'windows' 上受支持。 (https://learn.microsoft.com/dotnet/fundamentals/code-analysis/quality-rules/ca1416) [C:\home\projects\c#\SOAPHound\SOAPHound.csproj]
C:\home\projects\c#\SOAPHound\Processors\UserProcessor.cs(28,33): warning CA1416: 可在所有平台上访问此调用站点。"SecurityIdentifier" 仅在 'windows' 上受支持。 (https://learn.microsoft.com/dotnet/fundamentals/code-analysis/quality-rules/ca1416) [C:\home\projects\c#\SOAPHound\SOAPHound.csproj]
C:\home\projects\c#\SOAPHound\Processors\ComputerProcessor.cs(28,33): warning CA1416: 可在所有平台上访问此调用站点。"SecurityIdentifier" 仅在 'windows' 上受支持。 (https://learn.microsoft.com/dotnet/fundamentals/code-analysis/quality-rules/ca1416) [C:\home\projects\c#\SOAPHound\SOAPHound.csproj]
C:\home\projects\c#\SOAPHound\Processors\ComputerProcessor.cs(72,48): warning CA1416: 可在所有平台上访问此调用站点。"KnownAce.SecurityIdentifier" 仅在 'windows' 上受支持。 (https://learn.microsoft.com/dotnet/fundamentals/code-analysis/quality-rules/ca1416) [C:\home\projects\c#\SOAPHound\SOAPHound.csproj]
C:\home\projects\c#\SOAPHound\Processors\ComputerProcessor.cs(28,65): warning CA1416: 可在所有平台上访问此调用站点。"SecurityIdentifier.ToString()" 仅在 'windows' 上受支持。 (https://learn.microsoft.com/dotnet/fundamentals/code-analysis/quality-rules/ca1416) [C:\home\projects\c#\SOAPHound\SOAPHound.csproj]
C:\home\projects\c#\SOAPHound\Processors\ComputerProcessor.cs(97,36): warning CA1416: 可在所有平台上访问此调用站点。"SecurityIdentifier.ToString()" 仅在 'windows' 上受支持。 (https://learn.microsoft.com/dotnet/fundamentals/code-analysis/quality-rules/ca1416) [C:\home\projects\c#\SOAPHound\SOAPHound.csproj]
C:\home\projects\c#\SOAPHound\Processors\ComputerProcessor.cs(129,217): warning CA1416: 可在所有平台上访问此调用站点。"ControlFlags.SystemAclProtected" 仅在 'windows' 上受支持。 (https://learn.microsoft.com/dotnet/fundamentals/code-analysis/quality-rules/ca1416) [C:\home\projects\c#\SOAPHound\SOAPHound.csproj]
C:\home\projects\c#\SOAPHound\Processors\ComputerProcessor.cs(72,48): warning CA1416: 可在所有平台上访问此调用站点。"SecurityIdentifier.ToString()" 仅在 'windows' 上受支持。 (https://learn.microsoft.com/dotnet/fundamentals/code-analysis/quality-rules/ca1416) [C:\home\projects\c#\SOAPHound\SOAPHound.csproj]
C:\home\projects\c#\SOAPHound\Processors\ComputerProcessor.cs(78,59): warning CA1416: 可在所有平台上访问此调用站点。"SecurityIdentifier.ToString()" 仅在 'windows' 上受支持。 (https://learn.microsoft.com/dotnet/fundamentals/code-analysis/quality-rules/ca1416) [C:\home\projects\c#\SOAPHound\SOAPHound.csproj]
C:\home\projects\c#\SOAPHound\Processors\ComputerProcessor.cs(129,172): warning CA1416: 可在所有平台上访问此调用站点。"CommonSecurityDescriptor.ControlFlags" 仅在 'windows' 上受支持。 (https://learn.microsoft.com/dotnet/fundamentals/code-analysis/quality-rules/ca1416) [C:\home\projects\c#\SOAPHound\SOAPHound.csproj]
C:\home\projects\c#\SOAPHound\Processors\ComputerProcessor.cs(22,75): warning CA1416: 可在所有平台上访问此调用站点。"SecurityIdentifier.ToString()" 仅在 'windows' 上受支持。 (https://learn.microsoft.com/dotnet/fundamentals/code-analysis/quality-rules/ca1416) [C:\home\projects\c#\SOAPHound\SOAPHound.csproj]
C:\home\projects\c#\SOAPHound\Processors\ComputerProcessor.cs(129,123): warning CA1416: 可在所有平台上访问此调用站点。"ControlFlags.DiscretionaryAclProtected" 仅在 'windows' 上受支持。 (https://learn.microsoft.com/dotnet/fundamentals/code-analysis/quality-rules/ca1416) [C:\home\projects\c#\SOAPHound\SOAPHound.csproj]
C:\home\projects\c#\SOAPHound\Processors\ComputerProcessor.cs(67,51): warning CA1416: 可在所有平台上访问此调用站点。"CommonSecurityDescriptor.DiscretionaryAcl" 仅在 'windows' 上受支持。 (https://learn.microsoft.com/dotnet/fundamentals/code-analysis/quality-rules/ca1416) [C:\home\projects\c#\SOAPHound\SOAPHound.csproj]
C:\home\projects\c#\SOAPHound\Processors\ComputerProcessor.cs(65,31): warning CA1416: 可在所有平台上访问此调用站点。"CommonSecurityDescriptor.DiscretionaryAcl" 仅在 'windows' 上受支持。 (https://learn.microsoft.com/dotnet/fundamentals/code-analysis/quality-rules/ca1416) [C:\home\projects\c#\SOAPHound\SOAPHound.csproj]
C:\home\projects\c#\SOAPHound\Processors\ComputerProcessor.cs(22,32): warning CA1416: 可在所有平台上访问此调用站点。"SecurityIdentifier.ToString()" 仅在 'windows' 上受支持。 (https://learn.microsoft.com/dotnet/fundamentals/code-analysis/quality-rules/ca1416) [C:\home\projects\c#\SOAPHound\SOAPHound.csproj]
C:\home\projects\c#\SOAPHound\Processors\ComputerProcessor.cs(129,78): warning CA1416: 可在所有平台上访问此调用站点。"CommonSecurityDescriptor.ControlFlags" 仅在 'windows' 上受支持。 (https://learn.microsoft.com/dotnet/fundamentals/code-analysis/quality-rules/ca1416) [C:\home\projects\c#\SOAPHound\SOAPHound.csproj]
C:\home\projects\c#\SOAPHound\Processors\OUProcessor.cs(41,217): warning CA1416: 可在所有平台上访问此调用站点。"ControlFlags.SystemAclProtected" 仅在 'windows' 上受支持。 (https://learn.microsoft.com/dotnet/fundamentals/code-analysis/quality-rules/ca1416) [C:\home\projects\c#\SOAPHound\SOAPHound.csproj]
C:\home\projects\c#\SOAPHound\Processors\OUProcessor.cs(41,78): warning CA1416: 可在所有平台上访问此调用站点。"CommonSecurityDescriptor.ControlFlags" 仅在 'windows' 上受支持。 (https://learn.microsoft.com/dotnet/fundamentals/code-analysis/quality-rules/ca1416) [C:\home\projects\c#\SOAPHound\SOAPHound.csproj]
C:\home\projects\c#\SOAPHound\Processors\OUProcessor.cs(41,172): warning CA1416: 可在所有平台上访问此调用站点。"CommonSecurityDescriptor.ControlFlags" 仅在 'windows' 上受支持。 (https://learn.microsoft.com/dotnet/fundamentals/code-analysis/quality-rules/ca1416) [C:\home\projects\c#\SOAPHound\SOAPHound.csproj]
C:\home\projects\c#\SOAPHound\Processors\OUProcessor.cs(41,123): warning CA1416: 可在所有平台上访问此调用站点。"ControlFlags.DiscretionaryAclProtected" 仅在 'windows' 上受支持。 (https://learn.microsoft.com/dotnet/fundamentals/code-analysis/quality-rules/ca1416) [C:\home\projects\c#\SOAPHound\SOAPHound.csproj]
C:\home\projects\c#\SOAPHound\ADWS\ADWSConnector.cs(201,20): warning CA1416: 可在所有平台上访问此调用站点。"CommonSecurityDescriptor" 仅在 'windows' 上受支持。 (https://learn.microsoft.com/dotnet/fundamentals/code-analysis/quality-rules/ca1416) [C:\home\projects\c#\SOAPHound\SOAPHound.csproj]
C:\home\projects\c#\SOAPHound\ADWS\ADWSConnector.cs(245,20): warning CA1416: 可在所有平台上访问此调用站点。"SecurityIdentifier" 仅在 'windows' 上受支持。 (https://learn.microsoft.com/dotnet/fundamentals/code-analysis/quality-rules/ca1416) [C:\home\projects\c#\SOAPHound\SOAPHound.csproj]
C:\home\projects\c#\SOAPHound\ADWS\ADWSConnector.cs(238,21): warning CA1416: 可在所有平台上访问此调用站点。"SecurityIdentifier" 仅在 'windows' 上受支持。 (https://learn.microsoft.com/dotnet/fundamentals/code-analysis/quality-rules/ca1416) [C:\home\projects\c#\SOAPHound\SOAPHound.csproj]
C:\home\projects\c#\SOAPHound\ADWS\ADWSConnector.cs(231,24): warning CA1416: 可在所有平台上访问此调用站点。"SecurityIdentifier" 仅在 'windows' 上受支持。 (https://learn.microsoft.com/dotnet/fundamentals/code-analysis/quality-rules/ca1416) [C:\home\projects\c#\SOAPHound\SOAPHound.csproj]
C:\home\projects\c#\SOAPHound\ADWS\ADWSConnector.cs(238,36): warning CA1416: 可在所有平台上访问此调用站点。"SecurityIdentifier" 仅在 'windows' 上受支持。 (https://learn.microsoft.com/dotnet/fundamentals/code-analysis/quality-rules/ca1416) [C:\home\projects\c#\SOAPHound\SOAPHound.csproj]
C:\home\projects\c#\SOAPHound\ADWS\ADWSConnector.cs(228,51): warning CA1416: 可在所有平台上访问此调用站点。"SecurityIdentifier" 仅在 'windows' 上受支持。 (https://learn.microsoft.com/dotnet/fundamentals/code-analysis/quality-rules/ca1416) [C:\home\projects\c#\SOAPHound\SOAPHound.csproj]
C:\home\projects\c#\SOAPHound\Program.cs(417,44): warning CA1416: 可在所有平台上访问此调用站点。"SecurityIdentifier.ToString()" 仅在 'windows' 上受支持。 (https://learn.microsoft.com/dotnet/fundamentals/code-analysis/quality-rules/ca1416) [C:\home\projects\c#\SOAPHound\SOAPHound.csproj]
C:\home\projects\c#\SOAPHound\Processors\ACLProcessor.cs(27,68): warning CA1416: 可在所有平台上访问此调用站点。"SecurityIdentifier.ToString()" 仅在 'windows' 上受支持。 (https://learn.microsoft.com/dotnet/fundamentals/code-analysis/quality-rules/ca1416) [C:\home\projects\c#\SOAPHound\SOAPHound.csproj]
C:\home\projects\c#\SOAPHound\Processors\ACLProcessor.cs(50,49): warning CA1416: 可在所有平台上访问此调用站点。"ObjectAce.ObjectAceType" 仅在 'windows' 上受支持。 (https://learn.microsoft.com/dotnet/fundamentals/code-analysis/quality-rules/ca1416) [C:\home\projects\c#\SOAPHound\SOAPHound.csproj]
C:\home\projects\c#\SOAPHound\Processors\ACLProcessor.cs(38,21): warning CA1416: 可在所有平台上访问此调用站点。"CommonSecurityDescriptor.DiscretionaryAcl" 仅在 'windows' 上受支持。 (https://learn.microsoft.com/dotnet/fundamentals/code-analysis/quality-rules/ca1416) [C:\home\projects\c#\SOAPHound\SOAPHound.csproj]
C:\home\projects\c#\SOAPHound\Processors\ACLProcessor.cs(54,80): warning CA1416: 可在所有平台上访问此调用站点。"KnownAce.SecurityIdentifier" 仅在 'windows' 上受支持。 (https://learn.microsoft.com/dotnet/fundamentals/code-analysis/quality-rules/ca1416) [C:\home\projects\c#\SOAPHound\SOAPHound.csproj]
C:\home\projects\c#\SOAPHound\Processors\ACLProcessor.cs(54,80): warning CA1416: 可在所有平台上访问此调用站点。"SecurityIdentifier.ToString()" 仅在 'windows' 上受支持。 (https://learn.microsoft.com/dotnet/fundamentals/code-analysis/quality-rules/ca1416) [C:\home\projects\c#\SOAPHound\SOAPHound.csproj]
C:\home\projects\c#\SOAPHound\Processors\ACLProcessor.cs(44,29): warning CA1416: 可在所有平台上访问此调用站点。"SecurityIdentifier.ToString()" 仅在 'windows' 上受支持。 (https://learn.microsoft.com/dotnet/fundamentals/code-analysis/quality-rules/ca1416) [C:\home\projects\c#\SOAPHound\SOAPHound.csproj]
C:\home\projects\c#\SOAPHound\Processors\ACLProcessor.cs(40,55): warning CA1416: 可在所有平台上访问此调用站点。"CommonSecurityDescriptor.DiscretionaryAcl" 仅在 'windows' 上受支持。 (https://learn.microsoft.com/dotnet/fundamentals/code-analysis/quality-rules/ca1416) [C:\home\projects\c#\SOAPHound\SOAPHound.csproj]
C:\home\projects\c#\SOAPHound\Processors\ACLProcessor.cs(58,72): warning CA1416: 可在所有平台上访问此调用站点。"KnownAce.AccessMask" 仅在 'windows' 上受支持。 (https://learn.microsoft.com/dotnet/fundamentals/code-analysis/quality-rules/ca1416) [C:\home\projects\c#\SOAPHound\SOAPHound.csproj]
C:\home\projects\c#\SOAPHound\Processors\ACLProcessor.cs(24,32): warning CA1416: 可在所有平台上访问此调用站点。"CommonSecurityDescriptor.Owner" 仅在 'windows' 上受支持。 (https://learn.microsoft.com/dotnet/fundamentals/code-analysis/quality-rules/ca1416) [C:\home\projects\c#\SOAPHound\SOAPHound.csproj]
C:\home\projects\c#\SOAPHound\Processors\ACLProcessor.cs(53,45): warning CA1416: 可在所有平台上访问此调用站点。"GenericAce.IsInherited" 仅在 'windows' 上受支持。 (https://learn.microsoft.com/dotnet/fundamentals/code-analysis/quality-rules/ca1416) [C:\home\projects\c#\SOAPHound\SOAPHound.csproj]
C:\home\projects\c#\SOAPHound\Processors\ACLProcessor.cs(46,68): warning CA1416: 可在所有平台上访问此调用站点。"KnownAce.AccessMask" 仅在 'windows' 上受支持。 (https://learn.microsoft.com/dotnet/fundamentals/code-analysis/quality-rules/ca1416) [C:\home\projects\c#\SOAPHound\SOAPHound.csproj]
C:\home\projects\c#\SOAPHound\Processors\ACLProcessor.cs(44,29): warning CA1416: 可在所有平台上访问此调用站点。"KnownAce.SecurityIdentifier" 仅在 'windows' 上受支持。 (https://learn.microsoft.com/dotnet/fundamentals/code-analysis/quality-rules/ca1416) [C:\home\projects\c#\SOAPHound\SOAPHound.csproj]
C:\home\projects\c#\SOAPHound\ADWS\ADWSConnector.cs(362,50): warning CA1416: 可在所有平台上访问此调用站点。"SecurityIdentifier" 仅在 'windows' 上受支持。 (https://learn.microsoft.com/dotnet/fundamentals/code-analysis/quality-rules/ca1416) [C:\home\projects\c#\SOAPHound\SOAPHound.csproj]
C:\home\projects\c#\SOAPHound\ADWS\ADWSConnector.cs(383,59): warning CA1416: 可在所有平台上访问此调用站点。"SecurityIdentifier" 仅在 'windows' 上受支持。 (https://learn.microsoft.com/dotnet/fundamentals/code-analysis/quality-rules/ca1416) [C:\home\projects\c#\SOAPHound\SOAPHound.csproj]
C:\home\projects\c#\SOAPHound\Processors\DomainProcessor.cs(50,123): error CS0103: 当前上下文中不存在名称“ControlFlags” [C:\home\projects\c#\SOAPHound\SOAPHound.csproj]
C:\home\projects\c#\SOAPHound\Processors\DomainProcessor.cs(50,217): error CS0103: 当前上下文中不存在名称“ControlFlags” [C:\home\projects\c#\SOAPHound\SOAPHound.csproj]
    74 个警告
    2 个错误

已用时间 00:00:01.62
